// Jest Snapshot v1, https://goo.gl/fbAQLP

exports[`Favourite Screen Renders correctly 1`] = `
<View
  onLayout={[Function]}
  pointerEvents="box-none"
  style={
    Object {
      "paddingBottom": 0,
      "paddingLeft": 0,
      "paddingRight": 0,
      "paddingTop": 20,
    }
  }
>
  <Text>
    FavoriteScreen
  </Text>
</View>
`;
